[cleancreations.com/index.html]
[backblue.gif]
[fade.gif]
[index.html]
[cleancreations.com/data/config/client_logo144b.png]
[cleancreations.com/assets/icons/cropped-favicon-32x32.png]
[cleancreations.com/assets/css/ajax/libs/slick-carousel/1.5.9/slick.min.css]
[cleancreations.com/assets/css/ajax/libs/slick-carousel/1.5.9/slick-theme.min.css]
[cleancreations.com/assets/css/ajax/libs/swiper/swiper-bundle.min.css]
[cleancreations.com/assets/js/charts/Chart.min.js]
[cleancreations.com/assets/js/lightbox/css/jquery.lightbox-0.5.css]
[cleancreations.com/assets/css/fontawesome.min.css]
[cleancreations.com/assets/css/material-kit.css]
[cleancreations.com/assets/css/bootstrap.min.css]
[cleancreations.com/assets/css/custom.datatables.min.css]
[cleancreations.com/assets/css/dataTables.bootstrap.min.css]
[cleancreations.com/assets/css/chosen.min.css]
[cleancreations.com/assets/css/responsive.dataTables.min.css]
[cleancreations.com/assets/css/bootstrap-datetimepicker.min.css]
[cleancreations.com/assets/css/bootstrap-datepicker.min.css]
[cleancreations.com/assets/css/bootstrap-editable.css]
[cleancreations.com/assets/css/select2/select2.css]
[cleancreations.com/assets/js/jquery-3.5.1.min.js]
[cleancreations.com/manifest.json]
[cleancreations.com/data/custom/style4318.css]
[cleancreations.com/assets/css/theme/styles.min6923.css]
[www.google.com/recaptcha/api.js]
[static.mailerlite.com/js/universal.js]
[static.klaviyo.com/onsite/js/klaviyo56f8.js]
[cleancreations.com/register.html]
[cleancreations.com/assets/images/logo-holder.png]
[cleancreations.com/cart.html]
[cleancreations.com/login.html]
[cleancreations.com/mealsbyunit.html]
[cleancreations.com/byingredients.html]
[cleancreations.com/custom.html]
[cleancreations.com/extras.html]
[cleancreations.com/giftcard.html]
[cleancreations.com/blog.html]
[cleancreations.com/data/modulesfiles/c05468f3dc8c502a29f7220836926013_item1_imagea6e2.jpg]
[cleancreations.com/data/customfiles/allmenu.png]
[cleancreations.com/data/meals/3415d5b.jpg]
[cleancreations.com/data/meals/3409f74.jpg]
[cleancreations.com/data/meals/184679.jpg]
[cleancreations.com/data/meals/474679.jpg]
[cleancreations.com/data/meals/703337.jpg]
[cleancreations.com/data/meals/2092ea0.jpg]
[cleancreations.com/data/meals/24bc4b.jpg]
[cleancreations.com/data/meals/1823aec.jpg]
[cleancreations.com/data/meals/9385da.jpg]
[cleancreations.com/data/meals/950159.jpg]
[cleancreations.com/data/meals/9485da.jpg]
[cleancreations.com/data/meals/1570581.jpg]
[cleancreations.com/data/meals/1580581.jpg]
[cleancreations.com/data/meals/1596be5.jpg]
[cleancreations.com/data/meals/531ff.jpg]
[cleancreations.com/data/meals/13055c4.jpg]
[cleancreations.com/data/meals/13255c4.jpg]
[cleancreations.com/data/meals/14033ee.jpg]
[cleancreations.com/data/meals/1393f9d.jpg]
[cleancreations.com/data/meals/1419db2.jpg]
[cleancreations.com/data/meals/4094e4.jpg]
[cleancreations.com/data/meals/62ea26.jpg]
[cleancreations.com/data/meals/994e4.jpg]
[cleancreations.com/data/meals/150b940.jpg]
[cleancreations.com/data/meals/296772e.jpg]
[cleancreations.com/data/meals/297772e.jpg]
[cleancreations.com/data/meals/1792a79.jpg]
[cleancreations.com/subscription4df9.html]
[cleancreations.com/subscriptione3c2.html]
[cleancreations.com/subscription69bb.html]
[cleancreations.com/subscriptionac87.html]
[cleancreations.com/subscription838a.html]
[cleancreations.com/data/customfiles/section8.png]
[cleancreations.com/pages/about.html]
[cleancreations.com/data/customfiles/section9.jpg]
[cleancreations.com/pages/contacts.html]
[cleancreations.com/pages/privacy.html]
[cleancreations.com/pages/faq.html]
[cleancreations.com/pickuppoints.html]
[cleancreations.com/assets/images/loader-large.gif]
[cleancreations.com/assets/js/bootstrap/3.3.7/js/bootstrap.min.js]
[cleancreations.com/assets/js/moment.min.js]
[cleancreations.com/assets/js/bootstrap-datetimepicker.min.js]
[cleancreations.com/assets/js/jquery.flexslider.min.js]
[cleancreations.com/assets/js/charts/loader.js]
[cleancreations.com/assets/js/ajax/libs/gsap/latest/TweenMax.min.js]
[cleancreations.com/assets/js/jquery.wavify.js]
[cleancreations.com/assets/js/Chart.bundle.min.js]
[cleancreations.com/assets/js/zInput.js]
[cleancreations.com/assets/js/ajax/libs/slick-carousel/1.5.9/slick.min.js]
[cleancreations.com/assets/js/ajax/libs/swiper/swiper-bundle.min.js]
[cleancreations.com/assets/js/jquery.inputmask.min.js]
[cleancreations.com/assets/js/material.min.js]
[cleancreations.com/assets/js/chosen.jquery.js]
[cleancreations.com/assets/js/nouislider.min.js]
[cleancreations.com/assets/js/material-kit.js]
[cleancreations.com/assets/js/prism.js]
[cleancreations.com/assets/js/lightbox/js/jquery.lightbox-0.5.pack.js]
[cleancreations.com/assets/js/jscolor.js]
[cleancreations.com/assets/js/initdb0a.js]
[unpkg.com/@lottiefiles/lottie-player@latest/dist/lottie-player.69.delayed]
[unpkg.com/@lottiefiles/lottie-player@1.5.7/dist/lottie-player.js]
[cleancreations.com/assets/js/buttons/1.5.1/js/dataTables.buttons.min.js]
[cleancreations.com/assets/js/select2.min.js]
[cleancreations.com/assets/js/daterangepicker.js]
[cleancreations.com/assets/js/bootstrap-datepicker.js]
[cdn4.iconfinder.com/data/icons/sports-balls/1024/757059.png]
[cleancreations.com/assets/js/custom.datatables.min.js]
[cdn4.iconfinder.com/data/icons/sports-balls/128/757048.png]
[platform.twitter.com/widgets.js]
[apis.google.com/js/platform.js]
[cleancreations.com/index.html]
[cleancreations.com/assets/css/ajax/libs/slick-carousel/1.5.9/slick.min.css]
[cleancreations.com/data/config/client_logo144b.png]
[cleancreations.com/assets/css/ajax/libs/slick-carousel/1.5.9/ajax-loader.gif]
[cleancreations.com/assets/css/ajax/libs/slick-carousel/1.5.9/fonts/slick.woff]
[cleancreations.com/assets/css/ajax/libs/slick-carousel/1.5.9/fonts/slick.ttf]
[cleancreations.com/assets/css/ajax/libs/slick-carousel/1.5.9/slick-theme.min.css]
[cleancreations.com/assets/css/ajax/libs/swiper/swiper-bundle.min.css]
[cleancreations.com/assets/js/lightbox/css/jquery.lightbox-0.5.css]
[cleancreations.com/assets/webfonts/fa-brands-400.eot]
[cleancreations.com/assets/webfonts/fa-brands-400d41d.eot]
[cleancreations.com/assets/webfonts/fa-brands-400.woff]
[cleancreations.com/assets/webfonts/fa-brands-400.ttf]
[cleancreations.com/assets/webfonts/fa-regular-400.eot]
[cleancreations.com/assets/webfonts/fa-regular-400d41d.eot]
[cleancreations.com/assets/webfonts/fa-regular-400.woff]
[cleancreations.com/assets/webfonts/fa-regular-400.ttf]
[cleancreations.com/assets/webfonts/fa-solid-900.eot]
[cleancreations.com/assets/webfonts/fa-solid-900d41d.eot]
[cleancreations.com/assets/webfonts/fa-solid-900.woff]
[cleancreations.com/assets/webfonts/fa-solid-900.ttf]
[cleancreations.com/assets/css/fontawesome.min.css]
[cleancreations.com/assets/css/material-kit.css]
[cleancreations.com/assets/fonts/glyphicons-halflings-regular.eot]
[cleancreations.com/assets/fonts/glyphicons-halflings-regulard41d.eot]
[cleancreations.com/assets/fonts/glyphicons-halflings-regular.woff]
[cleancreations.com/assets/fonts/glyphicons-halflings-regular.ttf]
[cleancreations.com/assets/css/bootstrap.min.css]
[cleancreations.com/assets/css/custom.datatables.min.css]
[cleancreations.com/assets/css/dataTables.bootstrap.min.css]
[cleancreations.com/assets/css/chosen-sprite.png]
[cleancreations.com/assets/css/chosen-sprite@2x.png]
[cleancreations.com/assets/css/chosen.min.css]
[cleancreations.com/assets/css/responsive.dataTables.min.css]
[cleancreations.com/assets/css/bootstrap-datetimepicker.min.css]
[cleancreations.com/assets/css/bootstrap-datepicker.min.css]
[cleancreations.com/assets/icons/xeditable/loading.gif]
[cleancreations.com/assets/icons/xeditable/clear.png]
[cleancreations.com/assets/css/bootstrap-editable.css]
[cleancreations.com/assets/css/select2/select2.png]
[cleancreations.com/assets/css/select2/select2-spinner.gif]
[cleancreations.com/assets/css/select2/select2x2.png]
[cleancreations.com/assets/css/select2/select2.css]
[cleancreations.com/assets/css/daterangepicker.css]
[cleancreations.com/assets/fonts/avenir/AvenirNextLTPro-Heavy.ttf]
[cleancreations.com/assets/fonts/avenir/AvenirNextLTPro-Heavy.woff]
[cleancreations.com/assets/fonts/avenir/AvenirNextLTPro-Bold.ttf]
[cleancreations.com/assets/fonts/avenir/AvenirNextLTPro-Bold.woff]
[cleancreations.com/assets/fonts/avenir/AvenirNextLTPro-Regular.ttf]
[cleancreations.com/assets/fonts/avenir/AvenirNextLTPro-Regular.eot]
[cleancreations.com/assets/fonts/avenir/AvenirNextLTPro-Regular.otf]
[cleancreations.com/assets/fonts/avenir/AvenirNextLTPro-Regular.woff]
[cleancreations.com/assets/fonts/avenir/AvenirNextLTPro-UltLt.woff]
[cleancreations.com/assets/images/cover_3.jpg]
[cleancreations.com/assets/images/sprwt-banner.jpg]
[s.cdpn.io/17920/head_2.png]
[cleancreations.com/assets/images/brooke-lark-wMzx2nBdeng-unsplash.jpg]
[cleancreations.com/assets/images/cover_7.jpg]
[cleancreations.com/assets/images/cover_8.jpg]
[cleancreations.com/assets/images/grabngo.jpg]
[cleancreations.com/assets/images/reviews.png]
[cleancreations.com/assets/css/theme/styles.min6923.css]
[cleancreations.com/data/custom/style4318.css]
[www.googletagmanager.com/gtm5445.html]
[cleancreations.com/assets/images/logo_powered.png]
[cleancreations.com/data/config/login_image9539.jpg]
[cleancreations.com/register.html]
[cleancreations.com/cart.html]
[cleancreations.com/login.html]
[cleancreations.com/currentmenu.html]
[cleancreations.com/meals.html]
[cleancreations.com/assets/images/p5-01.png]
[cleancreations.com/data/extras/33e068.jpg]
[cleancreations.com/mealsbyunit.html]
[cleancreations.com/mealsbyunit/alacarte/get_dates/index.html]
[cleancreations.com/assets/images/barbecue-bbq-beef-236887.jpg]
[cleancreations.com/byingredients462d.html]
[cleancreations.com/byingredients4c89.html]
[cleancreations.com/byingredients5e3d.html]
[cleancreations.com/byingredientscde0.html]
[cleancreations.com/byingredients2c40.html]
[cleancreations.com/byingredients78bd.html]
[cleancreations.com/byingredients.html]
[cleancreations.com/byingredients7831.html]
[cleancreations.com/assets/images/p4-01.png]
[cleancreations.com/custom462d.html]
[cleancreations.com/custom4c89.html]
[cleancreations.com/custom5e3d.html]
[cleancreations.com/customcde0.html]
[cleancreations.com/custom2c40.html]
[cleancreations.com/custom.html]
[cleancreations.com/custom78bd.html]
[cleancreations.com/custom7831.html]
[cleancreations.com/assets/images/p1-01.png]
[cleancreations.com/extras462d.html]
[cleancreations.com/extras4c89.html]
[cleancreations.com/extras5e3d.html]
[cleancreations.com/extrascde0.html]
[cleancreations.com/extras2c40.html]
[cleancreations.com/extras78bd.html]
[cleancreations.com/extras.html]
[cleancreations.com/extras7831.html]
[cleancreations.com/assets/images/gift-new.png]
[cleancreations.com/giftcard.html]
[cleancreations.com/data/config/image_placeholder9539.jpg]
[cleancreations.com/blog.html]
[cleancreations.com/data/config/theme_howitworks_item1_image9526.svg]
[cleancreations.com/data/config/theme_howitworks_item2_imageb274.svg]
[cleancreations.com/data/config/theme_howitworks_item3_image9da9.svg]
[cleancreations.com/assets/images/p3-01.png]
[cleancreations.com/subscription4df9.html]
[cleancreations.com/subscriptione3c2.html]
[cleancreations.com/subscription69bb.html]
[cleancreations.com/subscriptionac87.html]
[cleancreations.com/subscription838a.html]
[cleancreations.com/data/customfiles/green-banner.jpg]
[cleancreations.com/pages/about.html]
[cleancreations.com/pages/contacts.html]
[cleancreations.com/pages/privacy.html]
[cleancreations.com/pages/faq.html]
[cleancreations.com/pickuppoints.html]
[cleancreations.com/transparent.html]
[cleancreations.com/assets/css/ajax/libs/slick-carousel/1.5.9/fonts/slick.html]
[cleancreations.com/assets/css/ajax/libs/slick-carousel/1.5.9/fonts/slickd41d.html]
[cleancreations.com/assets/css/ajax/libs/slick-carousel/1.5.9/fonts/slick-2.html]
[cleancreations.com/assets/webfonts/fa-brands-400.html]
[cleancreations.com/assets/webfonts/fa-brands-400.svg]
[cleancreations.com/assets/webfonts/fa-regular-400.html]
[cleancreations.com/assets/webfonts/fa-regular-400.svg]
[cleancreations.com/assets/webfonts/fa-solid-900.html]
[cleancreations.com/assets/webfonts/fa-solid-900.svg]
[cleancreations.com/assets/img/arrow-left.html]
[cleancreations.com/assets/img/arrow-left-2.html]
[cleancreations.com/assets/img/arrow-right.html]
[cleancreations.com/assets/img/arrow-right-2.html]
[cleancreations.com/assets/fonts/glyphicons-halflings-regular.html]
[cleancreations.com/assets/fonts/glyphicons-halflings-regular.svg]
[cleancreations.com/assets/fonts/avenir/AvenirNextLTPro-Heavy.html]
[cleancreations.com/assets/fonts/avenir/AvenirNextLTPro-Heavy-2.html]
[cleancreations.com/assets/fonts/avenir/AvenirNextLTPro-Heavy-3.html]
[cleancreations.com/assets/fonts/avenir/AvenirNextLTPro-Bold.html]
[cleancreations.com/assets/fonts/avenir/AvenirNextLTPro-Bold-2.html]
[cleancreations.com/assets/fonts/avenir/AvenirNextLTPro-Bold-3.html]
[cleancreations.com/assets/fonts/avenir/AvenirNextLTPro-UltLt.html]
[cleancreations.com/assets/fonts/avenir/AvenirNextLTPro-UltLt-2.html]
[cleancreations.com/assets/fonts/avenir/AvenirNextLTPro-UltLt-3.html]
[cleancreations.com/assets/fonts/avenir/AvenirNextLTPro-UltLt-4.html]
[cleancreations.com/assets/css/images/plus-sign-icon-31.html]
[cleancreations.com/assets/css/images/home-banner2.html]
[cleancreations.com/assets/css/theme/...html]
[cleancreations.com/assets/images/chevron-left-solid.svg]
[cleancreations.com/assets/images/chevron-right-solid.svg]
[cleancreations.com/assets/images/chevron-down.svg]
[cleancreations.com/assets/images/chevron-up.svg]
[cleancreations.com/assets/css/theme/chosen-sprite.html]
[cleancreations.com/assets/images/retail.svg]
[cleancreations.com/assets/images/invite_2.svg]
[cleancreations.com/assets/assets/images/invite_2.html]
[cleancreations.com/assets/icons/cart.svg]
[cleancreations.com/assets/icons/user.svg]
[cleancreations.com/assets/icons/meals.svg]
[cleancreations.com/assets/icons/orders.svg]
[cleancreations.com/assets/icons/admin.svg]
[cleancreations.com/assets/icons/off.svg]
[cleancreations.com/assets/icons/store.svg]
[startersitev2.wmg-gardens.com/sites/startersitev2.wmg-gardens.com/files/201306/home-onepage-mobile_menu.html]
[cleancreations.com/assets/images/iso-referral.svg]
[cleancreations.com/data/customfiles/wave.svg]
[cleancreations.com/data/customfiles/left.svg]
[cleancreations.com/assets/images/empty.svg]
[cleancreations.com/mealsbyunit/alacarte/get_stocks/index.html]
[cleancreations.com/mealsbyunit/alacarte/get_dates/index.html]
[cleancreations.com/byingredients462d.html]
[cleancreations.com/byingredients4c89.html]
[cleancreations.com/byingredients5e3d.html]
[cleancreations.com/byingredientscde0.html]
[cleancreations.com/byingredients2c40.html]
[cleancreations.com/byingredients78bd.html]
[cleancreations.com/byingredients7831.html]
[cleancreations.com/custom462d.html]
[cleancreations.com/custom4c89.html]
[cleancreations.com/custom5e3d.html]
[cleancreations.com/customcde0.html]
[cleancreations.com/custom2c40.html]
[cleancreations.com/custom78bd.html]
[cleancreations.com/custom7831.html]
[cleancreations.com/extras462d.html]
[cleancreations.com/extras4c89.html]
[cleancreations.com/extras5e3d.html]
[cleancreations.com/extrascde0.html]
[cleancreations.com/extras2c40.html]
[cleancreations.com/extras78bd.html]
[cleancreations.com/extras7831.html]
[cleancreations.com/«url».html]
[cleancreations.com/«imageUrl».html]
[cleancreations.com/pages/register.html]
[cleancreations.com/pages/transparent.html]
[i.imgur.com/3jPEt5q.jpg]
